// Jest Snapshot v1, https://goo.gl/fbAQLP

exports[`CreatePost renders correctly 1`] = `
<div
  className="container"
>
  <div
    className="card bg-light border-dark m-4"
  >
    <h5
      className="card-header text-center"
    >
      Create post
    </h5>
    <div
      className="card-body"
    >
      <nav
        aria-label="page navigation"
      >
        <ul
          className="pagination justify-content-center"
        >
          <li
            className="page-item disabled"
          >
            <button
              className="page-link"
              onClick={[Function]}
            >
              Offer
            </button>
          </li>
          <li
            className="page-item "
          >
            <button
              className="page-link"
              onClick={[Function]}
            >
              Coupon
            </button>
          </li>
        </ul>
      </nav>
      <form
        className="needs-validation"
        noValidate={true}
        onSubmit={[Function]}
      >
        <div
          className="form-group row"
        >
          <label
            className="col-md-3 col-form-label"
            htmlFor="title"
          >
            Title (*)
          </label>
          <div
            className="col-md-9"
          >
            <input
              autoFocus={true}
              className="form-control"
              id="title"
              maxLength={16}
              minLength={1}
              onChange={[Function]}
              required={true}
              type="text"
              value=""
            />
            <div
              className="invalid-feedback"
            >
              The title size must be between 1 and 60
            </div>
          </div>
        </div>
        <div
          className="form-group row"
        >
          <label
            className="col-md-3 col-form-label"
            htmlFor="description"
          >
            Description (*)
          </label>
          <div
            className="col-md-9"
          >
            <textarea
              className="form-control"
              id="description"
              maxLength={256}
              minLength={1}
              onChange={[Function]}
              required={true}
              value=""
            />
            <div
              className="invalid-feedback"
            >
              The description size must be between 1 and 256
            </div>
          </div>
        </div>
        <div
          className="form-group row"
        >
          <label
            className="col-md-3 col-form-label"
            htmlFor="url"
          >
            Url
          </label>
          <div
            className="col-md-9"
          >
            <input
              className="form-control"
              id="url"
              maxLength={2048}
              minLength={0}
              onChange={[Function]}
              type="text"
              value=""
            />
            <div
              className="invalid-feedback"
            >
              The url size must be between 0 and 2048
            </div>
          </div>
        </div>
        <div
          className="form-group row"
        >
          <label
            className="col-md-3 col-form-label"
            htmlFor="price"
          >
            Price (*)
          </label>
          <div
            className="col-md-3"
          >
            <div
              className="input-group"
            >
              <input
                className="form-control"
                id="price"
                max="9999999.99"
                min="0.00"
                onChange={[Function]}
                required={true}
                step="0.01"
                type="number"
                value={0}
              />
              <span
                className="input-group-text"
              >
                â‚¬
              </span>
            </div>
            <div
              className="invalid-feedback"
            >
              Price must be between 0 and 9999999.99
            </div>
          </div>
          <label
            className="col-md-3 col-form-label"
            htmlFor="categoryId"
          >
            Category (*)
          </label>
          <div
            className="col-md-3"
          >
            <select
              className="form-control"
              id="categoryId"
              onChange={[Function]}
              value=""
            >
              <option
                style={
                  Object {
                    "color": "gray",
                    "fontStyle": "italic",
                  }
                }
                value=""
              >
                Select
              </option>
            </select>
          </div>
        </div>
        <div
          className="form-group row"
        >
          <label
            className="col-md-3 col-form-label"
            htmlFor="images"
          >
            Images
          </label>
          <div
            className="col-md-9"
          >
            <input
              accept="image/*"
              id="images"
              multiple={true}
              onChange={[Function]}
              type="file"
            />
            <button
              className="btn btn-outline-danger"
              onClick={[Function]}
              style={
                Object {
                  "display": "none",
                }
              }
              type="button"
            >
              <svg
                className="bi bi-trash"
                fill="currentColor"
                height="16"
                viewBox="0 0 16 16"
                width="16"
                xmlns="http://www.w3.org/2000/svg"
              >
                <path
                  d="M5.5 5.5A.5.5 0 0 1 6 6v6a.5.5 0 0 1-1 0V6a.5.5 0 0 1 .5-.5Zm2.5 0a.5.5 0 0 1 .5.5v6a.5.5 0 0 1-1 0V6a.5.5 0 0 1 .5-.5Zm3 .5a.5.5 0 0 0-1 0v6a.5.5 0 0 0 1 0V6Z"
                />
                <path
                  d="M14.5 3a1 1 0 0 1-1 1H13v9a2 2 0 0 1-2 2H5a2 2 0 0 1-2-2V4h-.5a1 1 0 0 1-1-1V2a1 1 0 0 1 1-1H6a1 1 0 0 1 1-1h2a1 1 0 0 1 1 1h3.5a1 1 0 0 1 1 1v1ZM4.118 4 4 4.059V13a1 1 0 0 0 1 1h6a1 1 0 0 0 1-1V4.059L11.882 4H4.118ZM2.5 3h11V2h-11v1Z"
                />
              </svg>
            </button>
            <div
              className="invalid-feedback"
            >
              The maximum size allowed is 1MB.
            </div>
          </div>
        </div>
        <div>
          <p>
            (*) means mandatory field
          </p>
        </div>
        <div
          className="text-center"
        >
          <button
            className="btn btn-primary"
            type="submit"
          >
            Submit
          </button>
        </div>
      </form>
    </div>
  </div>
</div>
`;
