// Jest Snapshot v1, https://goo.gl/fbAQLP

exports[`PostLink Component should match the snapshot 1`] = `
<DocumentFragment>
  <a
    href="/post/post-details/1"
  >
    Test Post
  </a>
</DocumentFragment>
`;
