// Jest Snapshot v1, https://goo.gl/fbAQLP

exports[`SignUp renders correctly 1`] = `
<div
  className="container"
>
  <div
    className="card bg-light border-dark m-4"
  >
    <h5
      className="card-header text-center"
    >
      Sign up
    </h5>
    <div
      className="card-body"
    >
      <form
        className="needs-validation"
        noValidate={true}
        onSubmit={[Function]}
      >
        <div
          className="form-group row"
        >
          <label
            className="col-md-6 col-form-label"
            htmlFor="login"
          >
            Login
          </label>
          <div
            className="col-md-6"
          >
            <input
              autoFocus={true}
              className="form-control"
              id="login"
              onChange={[Function]}
              required={true}
              type="text"
              value=""
            />
            <div
              className="invalid-feedback"
            >
              The login is required
            </div>
          </div>
        </div>
        <div
          className="form-group row"
        >
          <label
            className="col-md-6 col-form-label"
            htmlFor="email"
          >
            Email
          </label>
          <div
            className="col-md-6"
          >
            <input
              className="form-control"
              id="email"
              onChange={[Function]}
              required={true}
              type="text"
              value=""
            />
            <div
              className="invalid-feedback"
            >
              The email is required
            </div>
          </div>
        </div>
        <div
          className="form-group row"
        >
          <label
            className="col-md-6 col-form-label"
            htmlFor="password"
          >
            Password
          </label>
          <div
            className="col-md-6"
          >
            <input
              className="form-control"
              id="password"
              onChange={[Function]}
              required={true}
              type="password"
              value=""
            />
            <div
              className="invalid-feedback"
            >
              The password is required
            </div>
          </div>
        </div>
        <div
          className="form-group row"
        >
          <label
            className="col-md-6 col-form-label"
            htmlFor="confirmPassword"
          >
            Confirm password
          </label>
          <div
            className="col-md-6"
          >
            <input
              className="form-control"
              id="confirmPassword"
              onChange={[Function]}
              required={true}
              type="password"
              value=""
            />
            <div
              className="invalid-feedback"
            >
              The password confirmation is required
            </div>
          </div>
        </div>
        <div
          className="form-group row"
        >
          <label
            className="col-md-6 col-form-label"
            htmlFor="firstName"
          >
            First name
          </label>
          <div
            className="col-md-6"
          >
            <input
              className="form-control"
              id="firstName"
              onChange={[Function]}
              required={true}
              type="text"
              value=""
            />
            <div
              className="invalid-feedback"
            >
              The first name is required
            </div>
          </div>
        </div>
        <div
          className="form-group row"
        >
          <label
            className="col-md-6 col-form-label"
            htmlFor="lastName"
          >
            Last name
          </label>
          <div
            className="col-md-6"
          >
            <input
              className="form-control"
              id="lastName"
              onChange={[Function]}
              required={true}
              type="text"
              value=""
            />
            <div
              className="invalid-feedback"
            >
              The last name is required
            </div>
          </div>
        </div>
        <div
          className="form-group row"
        >
          <label
            className="col-md-6 col-form-label"
            htmlFor="avatar"
          >
            Avatar
          </label>
          <div
            className="col-md-6"
          >
            <input
              accept="image/*"
              id="avatar"
              onChange={[Function]}
              type="file"
            />
          </div>
        </div>
        <div
          className="text-center"
        >
          <button
            className="btn btn-primary"
            type="submit"
          >
            Submit
          </button>
        </div>
      </form>
    </div>
  </div>
</div>
`;
