// Jest Snapshot v1, https://goo.gl/fbAQLP

exports[`ChangePassword renders correctly 1`] = `
<div
  className="container"
>
  <div
    className="card bg-light border-dark m-5"
  >
    <h5
      className="card-header text-center"
    >
      Change password
    </h5>
    <div
      className="card-body"
    >
      <form
        className="needs-validation"
        noValidate={true}
        onSubmit={[Function]}
      >
        <div
          className="form-group row"
        >
          <label
            className="col-md-6 col-form-label"
            data-testid="OldPassword"
            htmlFor="oldPassword"
          >
            Old password
          </label>
          <div
            className="col-md-6"
          >
            <input
              autoFocus={true}
              className="form-control"
              id="oldPassword"
              onChange={[Function]}
              required={true}
              type="password"
              value=""
            />
            <div
              className="invalid-feedback"
            >
              The old password is required
            </div>
          </div>
        </div>
        <div
          className="form-group row"
        >
          <label
            className="col-md-6 col-form-label"
            data-testid="NewPassword"
            htmlFor="newPassword"
          >
            New password
          </label>
          <div
            className="col-md-6"
          >
            <input
              className="form-control"
              id="newPassword"
              onChange={[Function]}
              required={true}
              type="password"
              value=""
            />
            <div
              className="invalid-feedback"
            >
              The new password is required
            </div>
          </div>
        </div>
        <div
          className="form-group row"
        >
          <label
            className="col-md-6 col-form-label"
            data-testid="Confirm"
            htmlFor="confirmNewPassword"
          >
            Confirm new password
          </label>
          <div
            className="col-md-6"
          >
            <input
              className="form-control"
              id="confirmNewPassword"
              onChange={[Function]}
              required={true}
              type="password"
              value=""
            />
            <div
              className="invalid-feedback"
            >
              The password confirmation is required
            </div>
          </div>
        </div>
        <div
          className="form-group"
        >
          <div
            className="text-center"
          >
            <button
              className="btn btn-primary"
              data-testid="SaveButton"
              type="submit"
            >
              Save
            </button>
          </div>
        </div>
      </form>
    </div>
  </div>
</div>
`;
