// Jest Snapshot v1, https://goo.gl/fbAQLP

exports[`UpdateProfile renders correctly 1`] = `
<div
  className="container"
>
  <div>
    <div
      className="card bg-light border-dark m-5"
    >
      <h5
        className="card-header text-center"
        data-testid="EditTitle"
      >
        Edit your profile
      </h5>
      <div
        className="card-body"
      >
        <form
          className="needs-validation"
          noValidate={true}
          onSubmit={[Function]}
        >
          <div
            className="form-group row"
          >
            <label
              className="col-md-6 col-form-label"
              data-testid="Login"
              htmlFor="login"
            >
              Login
            </label>
            <div
              className="col-md-6"
            >
              <input
                autoFocus={true}
                className="form-control"
                id="login"
                onChange={[Function]}
                required={true}
                type="text"
              />
              <div
                className="invalid-feedback"
              >
                The login is required
              </div>
            </div>
          </div>
          <div
            className="form-group row"
          >
            <label
              className="col-md-6 col-form-label"
              data-testid="FirstName"
              htmlFor="firstName"
            >
              First Name
            </label>
            <div
              className="col-md-6"
            >
              <input
                autoFocus={true}
                className="form-control"
                id="firstName"
                onChange={[Function]}
                required={true}
                type="text"
              />
              <div
                className="invalid-feedback"
              >
                The first name is required
              </div>
            </div>
          </div>
          <div
            className="form-group row"
          >
            <label
              className="col-md-6 col-form-label"
              data-testid="LastName"
              htmlFor="lastName"
            >
              Last Name
            </label>
            <div
              className="col-md-6"
            >
              <input
                className="form-control"
                id="lastName"
                onChange={[Function]}
                required={true}
                type="text"
              />
              <div
                className="invalid-feedback"
              >
                The last name is required
              </div>
            </div>
          </div>
          <div
            className="form-group row"
          >
            <label
              className="col-md-6 col-form-label"
              data-testid="Email"
              htmlFor="email"
            >
              Email
            </label>
            <div
              className="col-md-6"
            >
              <input
                className="form-control"
                id="email"
                onChange={[Function]}
                required={true}
                type="email"
              />
              <div
                className="invalid-feedback"
              >
                The email is required
              </div>
            </div>
          </div>
          <div
            className="form-group row"
          >
            <label
              className="col-md-6 col-form-label"
              data-testid="Avatar"
              htmlFor="avatar"
            >
              Avatar
            </label>
            <div
              className="col-md-3"
            >
              <input
                accept="image/*"
                data-testid="SelectAvatarButton"
                id="avatar"
                onChange={[Function]}
                type="file"
              />
              <div
                className="invalid-feedback"
              >
                The maximum size allowed is 1MB.
              </div>
            </div>
            <div
              className="offset-md-1 col-md-2"
            >
              <br />
              <label
                className="col-form-label"
                data-testid="Preview"
                htmlFor="avatar"
                style={
                  Object {
                    "marginRight": "10px",
                    "marginTop": "-10px",
                  }
                }
              >
                Preview:
              </label>
              <img
                alt="Avatar"
                height="30px"
                src="/poster/assets/profile.png"
                width="30px"
              />
            </div>
          </div>
          <div
            className="form-group"
          >
            <div
              className="text-center"
            >
              <button
                className="btn btn-primary"
                data-testid="SaveButton"
                type="submit"
              >
                Save
              </button>
                
              <button
                className="btn btn-primary"
                data-testid="ChangePasswordButton"
                onClick={[Function]}
                type="button"
              >
                Change password
              </button>
                
              <button
                className="btn btn-outline-danger"
                data-testid="ClearAvatarButton"
                onClick={[Function]}
                style={
                  Object {
                    "height": "40px",
                    "width": "130px",
                  }
                }
                type="button"
              >
                Clear avatar
              </button>
            </div>
          </div>
        </form>
      </div>
    </div>
  </div>
</div>
`;
