// Jest Snapshot v1, https://goo.gl/fbAQLP

exports[`Comment renders correctly 1`] = `
<div>
  <div
    className="card mb-4"
    style={
      Object {
        "marginLeft": "20px",
      }
    }
  >
    <div
      className="card-body p-4"
    >
      <div
        className="d-flex flex-start"
      >
        <div
          className="flex-grow-1 flex-shrink-1"
        >
          <div>
            <div
              className="d-flex justify-content-between align-items-center"
            >
              <div
                className="mb-1"
              >
                <div
                  className="d-flex flex-row mb-2"
                >
                  <img
                    alt="Avatar"
                    className="mr-3"
                    data-testid="UserImage"
                    height="30px"
                    src="/poster/assets/profile.png"
                    width="30px"
                  />
                   
                  Pepe
                </div>
                <div
                  className="d-flex flex-row mb-3"
                >
                  <span
                    className="small"
                    data-testid="CommentDate"
                    style={
                      Object {
                        "color": "grey",
                      }
                    }
                  >
                    1/1/1970 12:00:00 AM
                  </span>
                </div>
              </div>
            </div>
            <span
              className="mb-0"
              data-testid="CommentDescription"
            >
              Hola
            </span>
          </div>
        </div>
        <div
          className="color-text mr-3"
          data-testid="ReplyButton"
          onClick={[Function]}
          role="button"
        >
          <svg
            className="bi bi-reply"
            fill="currentColor"
            height="16"
            viewBox="0 0 16 16"
            width="16"
            xmlns="http://www.w3.org/2000/svg"
          >
            <path
              d="M6.598 5.013a.144.144 0 0 1 .202.134V6.3a.5.5 0 0 0 .5.5c.667 0 2.013.005 3.3.822.984.624 1.99 1.76 2.595 3.876-1.02-.983-2.185-1.516-3.205-1.799a8.74 8.74 0 0 0-1.921-.306 7.404 7.404 0 0 0-.798.008h-.013l-.005.001h-.001L7.3 9.9l-.05-.498a.5.5 0 0 0-.45.498v1.153c0 .108-.11.176-.202.134L2.614 8.254a.503.503 0 0 0-.042-.028.147.147 0 0 1 0-.252.499.499 0 0 0 .042-.028l3.984-2.933zM7.8 10.386c.068 0 .143.003.223.006.434.02 1.034.086 1.7.271 1.326.368 2.896 1.202 3.94 3.08a.5.5 0 0 0 .933-.305c-.464-3.71-1.886-5.662-3.46-6.66-1.245-.79-2.527-.942-3.336-.971v-.66a1.144 1.144 0 0 0-1.767-.96l-3.994 2.94a1.147 1.147 0 0 0 0 1.946l3.994 2.94a1.144 1.144 0 0 0 1.767-.96v-.667z"
            />
          </svg>
          <small>
            Reply
          </small>
        </div>
      </div>
      <div
        className="color-text"
        data-testid="SeeAnswersButton"
        onClick={[Function]}
        role="button"
      >
        <hr
          className="my-4"
        />
        <svg
          className="bi bi-caret-right-fill"
          fill="currentColor"
          height="16"
          viewBox="0 0 16 16"
          width="16"
          xmlns="http://www.w3.org/2000/svg"
        >
          <path
            d="m12.14 8.753-5.482 4.796c-.646.566-1.658.106-1.658-.753V3.204a1 1 0 0 1 1.659-.753l5.48 4.796a1 1 0 0 1 0 1.506z"
          />
        </svg>
        Â  See answers
      </div>
    </div>
  </div>
</div>
`;
