// Jest Snapshot v1, https://goo.gl/fbAQLP

exports[`Comments renders correctly 1`] = `
<div
  className="alert alert-danger"
  data-testid="NoComments"
  role="alert"
>
  No comments found
</div>
`;
